// Jest Snapshot v1, https://goo.gl/fbAQLP

exports[`routes util should handles GET request to directory index 1`] = `"<!DOCTYPE html><html><head><meta charset=\\"utf-8\\"/></head><body><ul><li><a href=\\"/main.js\\">main.js</a></li><li><a href=\\"/main\\">main</a></ul></body></html>"`;
